#INFO: **** input file is /workspace/.venvs/cochem-torq/lib/python3.12/site-packages/pytest/__main__.py ****
"""The pytest entry point."""

from __future__ import annotations

from _pytest.config import _console_main


if __name__ == "__main__":
    raise SystemExit(_console_main())
#INFO: ******************** input file end ********************


System: uname_result(system='Linux', node='de5d28e8dd1d', release='6.18.44', version='#1 SMP Sat Sep 26 20:02:31 UTC 2026', machine='x86_64')  Threads 1
Python 3.12.14 (main, Aug 25 2026, 14:00:49) [Clang 22.1.3 ]
numpy 2.5.3  scipy 1.18.1  h5py 3.16.0
Date: Thu Oct  8 13:12:58 2026
PySCF version 2.14.0
PySCF path  /workspace/.venvs/cochem-torq/lib/python3.12/site-packages/pyscf

[CONFIG] conf_file None
[INPUT] verbose = 4
[INPUT] num. atoms = 3
[INPUT] num. electrons = 10
[INPUT] charge = 0
[INPUT] spin (= nelec alpha-beta = 2S) = 0
[INPUT] symmetry False subgroup None
[INPUT] Mole.unit = Bohr
[INPUT] Symbol           X                Y                Z      unit          X                Y                Z       unit  Magmom
[INPUT]  1 O     -0.005207983858   0.000000000000   0.038413944917 AA   -0.009841663153   0.000000000000   0.072591835258 Bohr   0.0
[INPUT]  2 H      0.053491788061  -0.000000000000   1.026080427767 AA    0.101084829349  -0.000000000000   1.939010990256 Bohr   0.0
[INPUT]  3 H      0.957152896545   0.000000000000  -0.191351974667 AA    1.808756833804   0.000000000000  -0.361602825515 Bohr   0.0

nuclear repulsion = 8.90648913762199
number of shells = 5
number of NR pGTOs = 21
number of NR cGTOs = 7
basis = sto-3g
ecp = {}
CPU time:        69.75


******** <class 'pyscf.scf.hf.RHF'> ********
method = RHF
initial guess = minao
damping factor = 0
level_shift factor = 0
DIIS = <class 'pyscf.scf.diis.CDIIS'>
diis_start_cycle = 1
diis_space = 8
diis_damp = 0
SCF conv_tol = 1e-12
SCF conv_tol_grad = 1e-07
SCF max_cycles = 100
direct_scf = True
direct_scf_tol = 1e-13
chkfile to save SCF result = /tmp/cochem_exec_watson_complete/genuine-water-local-rovibrational0/displacement-000/wavefunction.chk
max_memory 1500 MB (current use 269 MB)
Initial guess from minao.
init E= -74.767165861493
  HOMO = -0.384158989734394  LUMO = 0.400487809622582  gap/eV = 21.35133
cycle= 1 E= -74.9098376484678  delta_E= -0.143  |g|= 0.384  |ddm|= 1.69
  HOMO = -0.258144738318537  LUMO = 0.623251934641712  gap/eV = 23.98403
cycle= 2 E= -74.9651311815402  delta_E= -0.0553  |g|= 0.0511  |ddm|= 0.604
  HOMO = -0.392249988350425  LUMO = 0.581391848607076  gap/eV = 26.49414
cycle= 3 E= -74.9658730341632  delta_E= -0.000742  |g|= 0.00853  |ddm|= 0.0512
  HOMO = -0.392685974684079  LUMO = 0.581941113154459  gap/eV = 26.52095
cycle= 4 E= -74.9659011426526  delta_E= -2.81e-05  |g|= 0.000246  |ddm|= 0.0145
  HOMO = -0.392632026199947  LUMO = 0.581773098861932  gap/eV = 26.51491
cycle= 5 E= -74.9659011871861  delta_E= -4.45e-08  |g|= 8.22e-05  |ddm|= 0.000645
  HOMO = -0.392615883976589  LUMO = 0.581791503003204  gap/eV = 26.51498
cycle= 6 E= -74.9659011922991  delta_E= -5.11e-09  |g|= 1.54e-06  |ddm|= 0.000292
  HOMO = -0.39261701086631  LUMO = 0.581794120097051  gap/eV = 26.51508
cycle= 7 E= -74.9659011923003  delta_E= -1.19e-12  |g|= 2.04e-09  |ddm|= 4.08e-06
  HOMO = -0.392617011704975  LUMO = 0.581794119041028  gap/eV = 26.51508
cycle= 8 E= -74.9659011923004  delta_E= -8.53e-14  |g|= 9.6e-10  |ddm|= 3.84e-09
  HOMO = -0.392617012271945  LUMO = 0.58179411810184  gap/eV = 26.51508
Extra cycle  E= -74.9659011923004  delta_E= 2.84e-14  |g|= 3.7e-10  |ddm|= 2.15e-09
converged SCF energy = -74.9659011923004
rhf_internal: lowest eigs of H = [1.98570073 2.15692844 2.43021758]
<class 'pyscf.scf.hf.RHF'> wavefunction is stable in the internal stability analysis
rhf_real2complex: lowest eigs of H = [0.42127404 0.4908866  0.56757512]
<class 'pyscf.scf.hf.RHF'> wavefunction is stable in the real -> complex stability analysis
rhf_external: lowest eigs of H = [0.32264831 0.3461229  0.36159647]
<class 'pyscf.scf.hf.RHF'> wavefunction is stable in the RHF/RKS -> UHF/UKS stability analysis
